\BOOKMARK [1][-]{section.1}{\376\377\004\037\004\076\004\101\004\102\004\060\004\075\004\076\004\062\004\072\004\060\000\040\004\067\004\060\004\064\004\060\004\107\004\070}{}% 1
\BOOKMARK [1][-]{section.2}{\376\377\004\037\004\076\004\101\004\102\004\100\004\076\004\065\004\075\004\070\004\065\000\040\004\074\004\060\004\102\004\065\004\074\004\060\004\102\004\070\004\107\004\065\004\101\004\072\004\076\004\071\000\040\004\074\004\076\004\064\004\065\004\073\004\070}{}% 2
\BOOKMARK [2][-]{subsection.2.1}{\376\377\004\044\004\076\004\100\004\074\004\060\004\073\004\070\004\067\004\060\004\106\004\070\004\117\000\040\004\067\004\060\004\064\004\060\004\107\004\070}{section.2}% 3
\BOOKMARK [2][-]{subsection.2.2}{\376\377\004\037\004\100\004\065\004\064\004\077\004\076\004\073\004\076\004\066\004\065\004\075\004\070\004\117}{section.2}% 4
\BOOKMARK [2][-]{subsection.2.3}{\376\377\004\021\004\060\004\071\004\065\004\101\004\076\004\062\004\101\004\072\004\060\004\117\000\040\004\074\004\076\004\064\004\065\004\073\004\114\000\040\004\107\004\065\004\100\004\065\004\067\000\040\004\101\004\076\004\061\004\113\004\102\004\070\004\117\000\040\000A\000\040\004\070\000\040\000B\000\040\004\070\000\040\004\101\004\102\004\100\004\060\004\102\004\065\004\063\004\070\004\117\000\040\004\042\004\100\004\070\004\072\004\101\004\060}{section.2}% 5
\BOOKMARK [3][-]{subsubsection.2.3.1}{\376\377\004\022\004\065\004\100\004\076\004\117\004\102\004\075\004\076\004\101\004\102\004\114\000\040\004\062\004\113\004\070\004\063\004\100\004\113\004\110\004\060}{subsection.2.3}% 6
\BOOKMARK [1][-]{section.3}{\376\377\004\040\004\065\004\110\004\065\004\075\004\070\004\065\000\040\004\062\004\113\004\107\004\070\004\101\004\073\004\070\004\102\004\065\004\073\004\114\004\075\004\113\004\105\000\040\004\067\004\060\004\064\004\060\004\107}{}% 7
\BOOKMARK [2][-]{subsection.3.1}{\376\377\004\034\004\065\004\102\004\076\004\064\000\040\004\034\004\076\004\075\004\102\004\065\000-\004\032\004\060\004\100\004\073\004\076}{section.3}% 8
\BOOKMARK [2][-]{subsection.3.2}{\376\377\004\041\004\076\004\063\004\073\004\060\004\101\004\076\004\062\004\060\004\075\004\070\004\065\000\040\004\101\000\040\004\072\004\073\004\060\004\101\004\101\004\070\004\107\004\065\004\101\004\072\004\070\004\074\000\040\004\101\004\073\004\103\004\107\004\060\004\065\004\074}{section.3}% 9
\BOOKMARK [2][-]{subsection.3.3}{\376\377\004\041\004\065\004\102\004\076\004\107\004\075\004\113\004\071\000\040\004\115\004\072\004\101\004\077\004\065\004\100\004\070\004\074\004\065\004\075\004\102\000\040\004\077\004\076\000\040\000\050\000N\000,\000K\000\051}{section.3}% 10
\BOOKMARK [2][-]{subsection.3.4}{\376\377\004\022\004\060\004\100\004\114\004\070\004\100\004\076\004\062\004\060\004\075\004\070\004\065\000\040\000s\000\040\004\070\000\040\000n}{section.3}% 11
\BOOKMARK [1][-]{section.4}{\376\377\004\037\004\100\004\060\004\072\004\102\004\070\004\107\004\065\004\101\004\072\004\060\004\117\000\040\004\100\004\065\004\060\004\073\004\070\004\067\004\060\004\106\004\070\004\117}{}% 12
\BOOKMARK [1][-]{section.5}{\376\377\004\040\004\065\004\067\004\103\004\073\004\114\004\102\004\060\004\102\004\113}{}% 13
\BOOKMARK [2][-]{subsection.5.1}{\376\377\004\032\004\073\004\060\004\101\004\101\004\070\004\107\004\065\004\101\004\072\004\070\004\071\000\040\004\034\004\076\004\075\004\102\004\070\000\040\004\045\004\076\004\073\004\073\000,\000\040\000n\000=\0002\0000\0000\0000\0000\0000}{section.5}% 14
\BOOKMARK [2][-]{subsection.5.2}{\376\377\004\023\004\100\004\060\004\104\004\070\004\072\004\070}{section.5}% 15
\BOOKMARK [2][-]{subsection.5.3}{\376\377\004\022\004\060\004\100\004\114\004\070\004\100\004\076\004\062\004\060\004\075\004\070\004\065\000\040\004\107\004\070\004\101\004\073\004\060\000\040\004\077\004\100\004\076\004\063\004\076\004\075\004\076\004\062\000\040\000n\000\040\004\077\004\100\004\070\000\040\000N\000=\0007\000,\000\040\000K\000=\0003\000,\000\040\000s\000=\0000\000,\0005}{section.5}% 16
\BOOKMARK [2][-]{subsection.5.4}{\376\377\004\022\004\060\004\100\004\114\004\070\004\100\004\076\004\062\004\060\004\075\004\070\004\065\000\040\004\062\004\065\004\100\004\076\004\117\004\102\004\075\004\076\004\101\004\102\004\070\000\040\004\101\004\076\004\105\004\100\004\060\004\075\004\065\004\075\004\070\004\117\000\040\004\062\004\113\004\061\004\076\004\100\004\060\000\040\000s\000\040\004\077\004\100\004\070\000\040\000N\000=\0007\000,\000\040\000K\000=\0003\000,\000\040\000n\000=\0005\0000\0000\0000\0000}{section.5}% 17
\BOOKMARK [2][-]{subsection.5.5}{\376\377\004\037\004\076\004\073\004\075\004\060\004\117\000\040\004\101\004\065\004\102\004\072\004\060\000\040\000\050\000N\000,\000K\000\051\000\040\004\077\004\100\004\070\000\040\000s\000=\0000\000,\0005\000,\000\040\000n\000=\0005\0000\0000\0000\0000}{section.5}% 18
\BOOKMARK [1][-]{section.6}{\376\377\004\020\004\075\004\060\004\073\004\070\004\067\000\040\004\074\004\076\004\064\004\065\004\073\004\070\000\040\004\070\000\040\004\077\004\100\004\076\004\062\004\065\004\100\004\072\004\060\000\040\004\072\004\060\004\107\004\065\004\101\004\102\004\062\004\060}{}% 19
\BOOKMARK [2][-]{subsection.6.1}{\376\377\004\020\004\075\004\060\004\073\004\070\004\067\000\040\004\100\004\065\004\067\004\103\004\073\004\114\004\102\004\060\004\102\004\076\004\062\000\040\004\101\004\100\004\060\004\062\004\075\004\065\004\075\004\070\004\117\000\040\004\102\004\065\004\076\004\100\004\070\004\070\000\040\004\070\000\040\004\115\004\072\004\101\004\077\004\065\004\100\004\070\004\074\004\065\004\075\004\102\004\060}{section.6}% 20
\BOOKMARK [2][-]{subsection.6.2}{\376\377\004\037\004\100\004\076\004\062\004\065\004\100\004\072\004\060\000\040\004\072\004\060\004\107\004\065\004\101\004\102\004\062\004\060\000\040\004\074\004\076\004\064\004\065\004\073\004\070}{section.6}% 21
\BOOKMARK [1][-]{section.7}{\376\377\004\022\004\113\004\062\004\076\004\064\004\113}{}% 22
