\BOOKMARK [1][-]{section.1}{\376\377\004\037\004\076\004\101\004\102\004\060\004\075\004\076\004\062\004\072\004\060\000\040\004\067\004\060\004\064\004\060\004\107\004\070}{}% 1
\BOOKMARK [1][-]{section.2}{\376\377\004\037\004\076\004\101\004\102\004\100\004\076\004\065\004\075\004\070\004\065\000\040\004\074\004\060\004\102\004\065\004\074\004\060\004\102\004\070\004\107\004\065\004\101\004\072\004\076\004\071\000\040\004\074\004\076\004\064\004\065\004\073\004\070}{}% 2
\BOOKMARK [2][-]{subsection.2.1}{\376\377\004\044\004\076\004\100\004\074\004\060\004\073\004\070\004\067\004\060\004\106\004\070\004\117\000\040\004\067\004\060\004\064\004\060\004\107\004\070\000\040\004\062\000\040\004\076\004\061\004\111\004\065\004\074\000\040\004\062\004\070\004\064\004\065}{section.2}% 3
\BOOKMARK [2][-]{subsection.2.2}{\376\377\004\040\004\060\004\075\004\063\004\076\004\062\004\060\004\117\000\040\004\063\004\070\004\077\004\076\004\102\004\065\004\067\004\060\000\040\000\050\004\041\004\077\004\070\004\100\004\074\004\065\004\075\000\051}{section.2}% 4
\BOOKMARK [2][-]{subsection.2.3}{\376\377\004\030\004\102\004\076\004\063\004\076\004\062\004\060\004\117\000\040\004\074\004\076\004\064\004\065\004\073\004\114}{section.2}% 5
\BOOKMARK [2][-]{subsection.2.4}{\376\377\004\041\004\105\004\065\004\074\004\060\000\040\004\074\004\076\004\064\004\065\004\073\004\070}{section.2}% 6
\BOOKMARK [1][-]{section.3}{\376\377\004\040\004\065\004\110\004\065\004\075\004\070\004\065\000\040\004\062\004\113\004\107\004\070\004\101\004\073\004\070\004\102\004\065\004\073\004\114\004\075\004\113\004\105\000\040\004\067\004\060\004\064\004\060\004\107}{}% 7
\BOOKMARK [2][-]{subsection.3.1}{\376\377\004\040\004\060\004\067\004\064\004\065\004\073\004\065\004\075\004\070\004\065\000\040\004\062\004\113\004\061\004\076\004\100\004\072\004\070\000\040\004\070\000\040\004\100\004\076\004\061\004\060\004\101\004\102\004\075\004\060\004\117\000\040\004\077\004\100\004\065\004\064\004\076\004\061\004\100\004\060\004\061\004\076\004\102\004\072\004\060}{section.3}% 8
\BOOKMARK [2][-]{subsection.3.2}{\376\377\004\040\004\060\004\101\004\107\004\121\004\102\000\040\004\072\004\076\004\115\004\104\004\104\004\070\004\106\004\070\004\065\004\075\004\102\004\076\004\062\000\040\004\041\004\077\004\070\004\100\004\074\004\065\004\075\004\060\000\040\004\070\000\040\004\077\004\100\004\076\004\062\004\065\004\100\004\072\004\060\000\040\004\067\004\075\004\060\004\107\004\070\004\074\004\076\004\101\004\102\004\070}{section.3}% 9
\BOOKMARK [2][-]{subsection.3.3}{\376\377\004\041\004\076\004\072\004\100\004\060\004\111\004\065\004\075\004\070\004\065\000\040\004\100\004\060\004\067\004\074\004\065\004\100\004\075\004\076\004\101\004\102\004\070}{section.3}% 10
\BOOKMARK [2][-]{subsection.3.4}{\376\377\004\036\004\106\004\065\004\075\004\070\004\062\004\060\004\075\004\070\004\065\000\040\004\072\004\076\004\115\004\104\004\104\004\070\004\106\004\070\004\065\004\075\004\102\004\076\004\062}{section.3}% 11
\BOOKMARK [2][-]{subsection.3.5}{\376\377\004\037\004\076\004\064\004\105\004\076\004\064\000\040\004\072\000\040\004\077\004\076\004\101\004\102\004\100\004\076\004\065\004\075\004\070\004\116\000\040\004\075\004\065\004\073\004\070\004\075\004\065\004\071\004\075\004\076\004\071\000\040\004\074\004\076\004\064\004\065\004\073\004\070\000\040\004\107\004\065\004\100\004\065\004\067\000\040\004\073\004\070\004\075\004\065\004\060\004\100\004\070\004\067\004\060\004\106\004\070\004\116}{section.3}% 12
\BOOKMARK [1][-]{section.4}{\376\377\004\037\004\100\004\060\004\072\004\102\004\070\004\107\004\065\004\101\004\072\004\060\004\117\000\040\004\100\004\065\004\060\004\073\004\070\004\067\004\060\004\106\004\070\004\117}{}% 13
\BOOKMARK [1][-]{section.5}{\376\377\004\040\004\065\004\067\004\103\004\073\004\114\004\102\004\060\004\102\004\113}{}% 14
\BOOKMARK [2][-]{subsection.5.1}{\376\377\004\027\004\075\004\060\004\107\004\070\004\074\004\076\004\101\004\102\004\114\000\040\000S\000p\000e\000a\000r\000m\000a\000n}{section.5}% 15
\BOOKMARK [2][-]{subsection.5.2}{\376\377\004\037\004\076\004\064\004\061\004\076\004\100\000\040\000p}{section.5}% 16
\BOOKMARK [2][-]{subsection.5.3}{\376\377\004\030\004\102\004\076\004\063\004\076\004\062\004\113\004\065\000\040\004\072\004\076\004\115\004\104\004\104\004\070\004\106\004\070\004\065\004\075\004\102\004\113\000\040\004\100\004\065\004\063\004\100\004\065\004\101\004\101\004\070\004\070}{section.5}% 17
\BOOKMARK [2][-]{subsection.5.4}{\376\377\004\022\004\070\004\067\004\103\004\060\004\073\004\070\004\067\004\060\004\106\004\070\004\117\000\040\004\077\004\100\004\065\004\064\004\101\004\072\004\060\004\067\004\060\004\075\004\070\004\071\000\040\004\075\004\060\000\040\004\072\004\076\004\075\004\102\004\100\004\076\004\073\004\114\004\075\004\076\004\071\000\040\004\062\004\113\004\061\004\076\004\100\004\072\004\065}{section.5}% 18
\BOOKMARK [2][-]{subsection.5.5}{\376\377\004\033\004\070\004\075\004\065\004\060\004\100\004\070\004\067\004\060\004\106\004\070\004\117\000:\000\040\004\077\004\076\004\064\004\061\004\076\004\100\000\040\004\077\004\100\004\065\004\076\004\061\004\100\004\060\004\067\004\076\004\062\004\060\004\075\004\070\004\071\000\040\004\077\004\100\004\070\004\067\004\075\004\060\004\072\004\076\004\062}{section.5}% 19
\BOOKMARK [2][-]{subsection.5.6}{\376\377\004\041\004\100\004\060\004\062\004\075\004\065\004\075\004\070\004\065\000\040\004\073\004\070\004\075\004\065\004\071\004\075\004\076\004\071\000\040\004\070\000\040\004\073\004\070\004\075\004\065\004\060\004\100\004\070\004\067\004\076\004\062\004\060\004\075\004\075\004\076\004\071\000\040\004\075\004\065\004\073\004\070\004\075\004\065\004\071\004\075\004\076\004\071\000\040\004\074\004\076\004\064\004\065\004\073\004\070}{section.5}% 20
\BOOKMARK [2][-]{subsection.5.7}{\376\377\004\030\004\102\004\076\004\063\004\076\004\062\004\060\004\117\000\040\004\075\004\065\004\073\004\070\004\075\004\065\004\071\004\075\004\060\004\117\000\040\004\074\004\076\004\064\004\065\004\073\004\114\000\040\004\070\000\040\004\065\004\121\000\040\004\072\004\076\004\115\004\104\004\104\004\070\004\106\004\070\004\065\004\075\004\102\004\113}{section.5}% 21
\BOOKMARK [1][-]{section.6}{\376\377\004\020\004\075\004\060\004\073\004\070\004\067\000\040\004\074\004\076\004\064\004\065\004\073\004\070\000\040\004\070\000\040\004\077\004\100\004\076\004\062\004\065\004\100\004\072\004\060\000\040\004\072\004\060\004\107\004\065\004\101\004\102\004\062\004\060}{}% 22
\BOOKMARK [2][-]{subsection.6.1}{\376\377\004\034\004\065\004\102\004\100\004\070\004\072\004\070\000\040\004\070\000\040\004\070\004\075\004\102\004\065\004\100\004\077\004\100\004\065\004\102\004\060\004\106\004\070\004\117\000\040\004\072\004\060\004\107\004\065\004\101\004\102\004\062\004\060\000\040\004\077\004\100\004\076\004\063\004\075\004\076\004\067\004\060}{section.6}% 23
\BOOKMARK [2][-]{subsection.6.2}{\376\377\004\020\004\075\004\060\004\073\004\070\004\067\000\040\004\076\004\101\004\102\004\060\004\102\004\072\004\076\004\062\000\040\004\070\000\040\004\064\004\070\004\060\004\063\004\075\004\076\004\101\004\102\004\070\004\107\004\065\004\101\004\072\004\070\004\065\000\040\004\063\004\100\004\060\004\104\004\070\004\072\004\070}{section.6}% 24
\BOOKMARK [2][-]{subsection.6.3}{\376\377\004\037\004\100\004\076\004\062\004\065\004\100\004\072\004\060\000\040\004\063\004\070\004\077\004\076\004\102\004\065\004\067\000\040\004\072\004\100\004\070\004\102\004\065\004\100\004\070\004\065\004\074\000\040\004\032\004\076\004\073\004\074\004\076\004\063\004\076\004\100\004\076\004\062\004\060\040\023\004\041\004\074\004\070\004\100\004\075\004\076\004\062\004\060}{section.6}% 25
\BOOKMARK [2][-]{subsection.6.4}{\376\377\004\022\004\113\004\062\004\076\004\064\000\040\004\076\004\061\000\040\004\060\004\064\004\065\004\072\004\062\004\060\004\102\004\075\004\076\004\101\004\102\004\070}{section.6}% 26
\BOOKMARK [1][-]{section.7}{\376\377\004\022\004\113\004\062\004\076\004\064\004\113}{}% 27
